
2025-02-27 14:59:29,499 - epicsarchiver.common.base_archiver - DEBUG - GET url: http://archiver-linac-wf-04.tn.esss.lu.se:17665/mgmt/bpl/pauseArchivingPV
2025-02-27 14:59:29,522 - urllib3.connectionpool - DEBUG - Starting new HTTP connection (1): archiver-linac-wf-04.tn.esss.lu.se:17665
2025-02-27 14:59:29,654 - urllib3.connectionpool - DEBUG - http://archiver-linac-wf-04.tn.esss.lu.se:17665 "GET /mgmt/bpl/pauseArchivingPV?pv=DTL-010%3APBI-BPM-001%3AYP-AvgValue HTTP/1.1" 200 326
2025-02-27 14:59:29,655 - epicsarchiver.common.base_archiver - DEBUG - GET url: http://archiver-linac-wf-04.tn.esss.lu.se:17665/mgmt/bpl/pauseArchivingPV
2025-02-27 14:59:29,698 - urllib3.connectionpool - DEBUG - http://archiver-linac-wf-04.tn.esss.lu.se:17665 "GET /mgmt/bpl/pauseArchivingPV?pv=DTL-010%3APBI-BPM-002%3ASA-AvgValue HTTP/1.1" 200 326
2025-02-27 14:59:29,698 - epicsarchiver.common.base_archiver - DEBUG - GET url: http://archiver-linac-wf-04.tn.esss.lu.se:17665/mgmt/bpl/pauseArchivingPV
2025-02-27 14:59:29,730 - urllib3.connectionpool - DEBUG - http://archiver-linac-wf-04.tn.esss.lu.se:17665 "GET /mgmt/bpl/pauseArchivingPV?pv=DTL-010%3APBI-BPM-002%3ASM-AvgValue HTTP/1.1" 200 326
2025-02-27 14:59:29,730 - epicsarchiver.common.base_archiver - DEBUG - GET url: http://archiver-linac-wf-04.tn.esss.lu.se:17665/mgmt/bpl/pauseArchivingPV
2025-02-27 14:59:29,769 - urllib3.connectionpool - DEBUG - http://archiver-linac-wf-04.tn.esss.lu.se:17665 "GET /mgmt/bpl/pauseArchivingPV?pv=DTL-010%3APBI-BPM-002%3AXP-AvgValue HTTP/1.1" 200 326
2025-02-27 14:59:29,770 - epicsarchiver.common.base_archiver - DEBUG - GET url: http://archiver-linac-wf-04.tn.esss.lu.se:17665/mgmt/bpl/pauseArchivingPV
2025-02-27 14:59:29,808 - urllib3.connectionpool - DEBUG - http://archiver-linac-wf-04.tn.esss.lu.se:17665 "GET /mgmt/bpl/pauseArchivingPV?pv=DTL-010%3APBI-BPM-002%3AYP-AvgValue HTTP/1.1" 200 326
2025-02-27 14:59:29,809 - epicsarchiver.common.base_archiver - DEBUG - GET url: http://archiver-linac-wf-04.tn.esss.lu.se:17665/mgmt/bpl/pauseArchivingPV
2025-02-27 14:59:29,838 - urllib3.connectionpool - DEBUG - http://archiver-linac-wf-04.tn.esss.lu.se:17665 "GET /mgmt/bpl/pauseArchivingPV?pv=DTL-010%3APBI-BPM-003%3ASA-AvgValue HTTP/1.1" 200 326
2025-02-27 14:59:29,838 - epicsarchiver.common.base_archiver - DEBUG - GET url: http://archiver-linac-wf-04.tn.esss.lu.se:17665/mgmt/bpl/pauseArchivingPV
2025-02-27 14:59:29,881 - urllib3.connectionpool - DEBUG - http://archiver-linac-wf-04.tn.esss.lu.se:17665 "GET /mgmt/bpl/pauseArchivingPV?pv=DTL-010%3APBI-BPM-003%3ASM-AvgValue HTTP/1.1" 200 326
2025-02-27 14:59:29,881 - epicsarchiver.common.base_archiver - DEBUG - GET url: http://archiver-linac-wf-04.tn.esss.lu.se:17665/mgmt/bpl/pauseArchivingPV
2025-02-27 14:59:29,929 - urllib3.connectionpool - DEBUG - http://archiver-linac-wf-04.tn.esss.lu.se:17665 "GET /mgmt/bpl/pauseArchivingPV?pv=DTL-010%3APBI-BPM-003%3AXP-AvgValue HTTP/1.1" 200 326
2025-02-27 14:59:29,929 - epicsarchiver.common.base_archiver - DEBUG - GET url: http://archiver-linac-wf-04.tn.esss.lu.se:17665/mgmt/bpl/pauseArchivingPV
2025-02-27 14:59:29,958 - urllib3.connectionpool - DEBUG - http://archiver-linac-wf-04.tn.esss.lu.se:17665 "GET /mgmt/bpl/pauseArchivingPV?pv=DTL-010%3APBI-BPM-003%3AYP-AvgValue HTTP/1.1" 200 326
2025-02-27 14:59:29,958 - epicsarchiver.common.base_archiver - DEBUG - GET url: http://archiver-linac-wf-04.tn.esss.lu.se:17665/mgmt/bpl/pauseArchivingPV
2025-02-27 14:59:30,009 - urllib3.connectionpool - DEBUG - http://archiver-linac-wf-04.tn.esss.lu.se:17665 "GET /mgmt/bpl/pauseArchivingPV?pv=DTL-010%3APBI-BPM-004%3ASA-AvgValue HTTP/1.1" 200 326
2025-02-27 14:59:30,010 - epicsarchiver.common.base_archiver - DEBUG - GET url: http://archiver-linac-wf-04.tn.esss.lu.se:17665/mgmt/bpl/pauseArchivingPV
2025-02-27 14:59:30,051 - urllib3.connectionpool - DEBUG - http://archiver-linac-wf-04.tn.esss.lu.se:17665 "GET /mgmt/bpl/pauseArchivingPV?pv=DTL-010%3APBI-BPM-004%3ASM-AvgValue HTTP/1.1" 200 326
2025-02-27 14:59:30,052 - epicsarchiver.common.base_archiver - DEBUG - GET url: http://archiver-linac-wf-04.tn.esss.lu.se:17665/mgmt/bpl/pauseArchivingPV
2025-02-27 14:59:30,095 - urllib3.connectionpool - DEBUG - http://archiver-linac-wf-04.tn.esss.lu.se:17665 "GET /mgmt/bpl/pauseArchivingPV?pv=DTL-010%3APBI-BPM-004%3AXP-AvgValue HTTP/1.1" 200 326
2025-02-27 14:59:30,096 - epicsarchiver.common.base_archiver - DEBUG - GET url: http://archiver-linac-wf-04.tn.esss.lu.se:17665/mgmt/bpl/pauseArchivingPV
2025-02-27 14:59:30,128 - urllib3.connectionpool - DEBUG - http://archiver-linac-wf-04.tn.esss.lu.se:17665 "GET /mgmt/bpl/pauseArchivingPV?pv=DTL-010%3APBI-BPM-004%3AYP-AvgValue HTTP/1.1" 200 326
2025-02-27 14:59:30,129 - epicsarchiver.common.base_archiver - DEBUG - GET url: http://archiver-linac-wf-04.tn.esss.lu.se:17665/mgmt/bpl/pauseArchivingPV
2025-02-27 14:59:30,170 - urllib3.connectionpool - DEBUG - http://archiver-linac-wf-04.tn.esss.lu.se:17665 "GET /mgmt/bpl/pauseArchivingPV?pv=DTL-010%3APBI-BPM-005%3ASA-AvgValue HTTP/1.1" 200 326
2025-02-27 14:59:30,170 - epicsarchiver.common.base_archiver - DEBUG - GET url: http://archiver-linac-wf-04.tn.esss.lu.se:17665/mgmt/bpl/pauseArchivingPV
2025-02-27 14:59:30,199 - urllib3.connectionpool - DEBUG - http://archiver-linac-wf-04.tn.esss.lu.se:17665 "GET /mgmt/bpl/pauseArchivingPV?pv=DTL-010%3APBI-BPM-005%3ASM-AvgValue HTTP/1.1" 200 326
2025-02-27 14:59:30,199 - epicsarchiver.common.base_archiver - DEBUG - GET url: http://archiver-linac-wf-04.tn.esss.lu.se:17665/mgmt/bpl/pauseArchivingPV
2025-02-27 14:59:30,235 - urllib3.connectionpool - DEBUG - http://archiver-linac-wf-04.tn.esss.lu.se:17665 "GET /mgmt/bpl/pauseArchivingPV?pv=DTL-010%3APBI-BPM-005%3AXP-AvgValue HTTP/1.1" 200 326
2025-02-27 14:59:30,236 - epicsarchiver.common.base_archiver - DEBUG - GET url: http://archiver-linac-wf-04.tn.esss.lu.se:17665/mgmt/bpl/pauseArchivingPV
2025-02-27 14:59:30,270 - urllib3.connectionpool - DEBUG - http://archiver-linac-wf-04.tn.esss.lu.se:17665 "GET /mgmt/bpl/pauseArchivingPV?pv=DTL-010%3APBI-BPM-005%3AYP-AvgValue HTTP/1.1" 200 326
2025-02-27 14:59:30,271 - epicsarchiver.common.base_archiver - DEBUG - GET url: http://archiver-linac-wf-04.tn.esss.lu.se:17665/mgmt/bpl/pauseArchivingPV
2025-02-27 14:59:30,307 - urllib3.connectionpool - DEBUG - http://archiver-linac-wf-04.tn.esss.lu.se:17665 "GET /mgmt/bpl/pauseArchivingPV?pv=DTL-010%3APBI-BPM-006%3ASA-AvgValue HTTP/1.1" 200 326
2025-02-27 14:59:30,308 - epicsarchiver.common.base_archiver - DEBUG - GET url: http://archiver-linac-wf-04.tn.esss.lu.se:17665/mgmt/bpl/pauseArchivingPV
2025-02-27 14:59:30,342 - urllib3.connectionpool - DEBUG - http://archiver-linac-wf-04.tn.esss.lu.se:17665 "GET /mgmt/bpl/pauseArchivingPV?pv=DTL-010%3APBI-BPM-006%3ASM-AvgValue HTTP/1.1" 200 326
2025-02-27 14:59:30,343 - epicsarchiver.common.base_archiver - DEBUG - GET url: http://archiver-linac-wf-04.tn.esss.lu.se:17665/mgmt/bpl/pauseArchivingPV
2025-02-27 14:59:30,395 - urllib3.connectionpool - DEBUG - http://archiver-linac-wf-04.tn.esss.lu.se:17665 "GET /mgmt/bpl/pauseArchivingPV?pv=DTL-010%3APBI-BPM-006%3AXP-AvgValue HTTP/1.1" 200 326
2025-02-27 14:59:30,396 - epicsarchiver.common.base_archiver - DEBUG - GET url: http://archiver-linac-wf-04.tn.esss.lu.se:17665/mgmt/bpl/pauseArchivingPV
2025-02-27 14:59:30,440 - urllib3.connectionpool - DEBUG - http://archiver-linac-wf-04.tn.esss.lu.se:17665 "GET /mgmt/bpl/pauseArchivingPV?pv=DTL-010%3APBI-BPM-006%3AYP-AvgValue HTTP/1.1" 200 326
2025-02-27 14:59:30,441 - epicsarchiver.common.base_archiver - DEBUG - GET url: http://archiver-linac-wf-04.tn.esss.lu.se:17665/mgmt/bpl/pauseArchivingPV
2025-02-27 14:59:30,481 - urllib3.connectionpool - DEBUG - http://archiver-linac-wf-04.tn.esss.lu.se:17665 "GET /mgmt/bpl/pauseArchivingPV?pv=DTL-030%3APBI-BPM-001%3ASA-AvgValue HTTP/1.1" 200 326
2025-02-27 14:59:30,481 - epicsarchiver.common.base_archiver - DEBUG - GET url: http://archiver-linac-wf-04.tn.esss.lu.se:17665/mgmt/bpl/pauseArchivingPV
2025-02-27 14:59:30,526 - urllib3.connectionpool - DEBUG - http://archiver-linac-wf-04.tn.esss.lu.se:17665 "GET /mgmt/bpl/pauseArchivingPV?pv=DTL-030%3APBI-BPM-001%3ASM-AvgValue HTTP/1.1" 200 326
2025-02-27 14:59:30,526 - epicsarchiver.common.base_archiver - DEBUG - GET url: http://archiver-linac-wf-04.tn.esss.lu.se:17665/mgmt/bpl/pauseArchivingPV
2025-02-27 14:59:33,657 - urllib3.connectionpool - DEBUG - http://archiver-linac-wf-04.tn.esss.lu.se:17665 "GET /mgmt/bpl/pauseArchivingPV?pv=DTL-030%3APBI-BPM-001%3ASM-TR1-ArrayData HTTP/1.1" 200 346
2025-02-27 14:59:33,657 - epicsarchiver.common.base_archiver - DEBUG - GET url: http://archiver-linac-wf-04.tn.esss.lu.se:17665/mgmt/bpl/pauseArchivingPV
2025-02-27 14:59:33,766 - urllib3.connectionpool - DEBUG - http://archiver-linac-wf-04.tn.esss.lu.se:17665 "GET /mgmt/bpl/pauseArchivingPV?pv=DTL-030%3APBI-BPM-001%3AXP-AvgValue HTTP/1.1" 200 326
2025-02-27 14:59:33,767 - epicsarchiver.common.base_archiver - DEBUG - GET url: http://archiver-linac-wf-04.tn.esss.lu.se:17665/mgmt/bpl/pauseArchivingPV
2025-02-27 14:59:33,805 - urllib3.connectionpool - DEBUG - http://archiver-linac-wf-04.tn.esss.lu.se:17665 "GET /mgmt/bpl/pauseArchivingPV?pv=DTL-030%3APBI-BPM-001%3AYP-AvgValue HTTP/1.1" 200 326
2025-02-27 14:59:33,806 - epicsarchiver.common.base_archiver - DEBUG - GET url: http://archiver-linac-wf-04.tn.esss.lu.se:17665/mgmt/bpl/pauseArchivingPV
2025-02-27 14:59:33,841 - urllib3.connectionpool - DEBUG - http://archiver-linac-wf-04.tn.esss.lu.se:17665 "GET /mgmt/bpl/pauseArchivingPV?pv=DTL-030%3APBI-BPM-002%3ASA-AvgValue HTTP/1.1" 200 326
2025-02-27 14:59:33,841 - epicsarchiver.common.base_archiver - DEBUG - GET url: http://archiver-linac-wf-04.tn.esss.lu.se:17665/mgmt/bpl/pauseArchivingPV
2025-02-27 14:59:36,626 - urllib3.connectionpool - DEBUG - http://archiver-linac-wf-04.tn.esss.lu.se:17665 "GET /mgmt/bpl/pauseArchivingPV?pv=DTL-030%3APBI-BPM-002%3ASA-TR1-ArrayData HTTP/1.1" 200 346
2025-02-27 14:59:36,627 - epicsarchiver.common.base_archiver - DEBUG - GET url: http://archiver-linac-wf-04.tn.esss.lu.se:17665/mgmt/bpl/pauseArchivingPV
2025-02-27 14:59:36,762 - urllib3.connectionpool - DEBUG - http://archiver-linac-wf-04.tn.esss.lu.se:17665 "GET /mgmt/bpl/pauseArchivingPV?pv=DTL-030%3APBI-BPM-002%3ASM-AvgValue HTTP/1.1" 200 326
2025-02-27 14:59:36,763 - epicsarchiver.common.base_archiver - DEBUG - GET url: http://archiver-linac-wf-04.tn.esss.lu.se:17665/mgmt/bpl/pauseArchivingPV
2025-02-27 14:59:39,625 - urllib3.connectionpool - DEBUG - http://archiver-linac-wf-04.tn.esss.lu.se:17665 "GET /mgmt/bpl/pauseArchivingPV?pv=DTL-030%3APBI-BPM-002%3ASM-TR1-ArrayData HTTP/1.1" 200 346
2025-02-27 14:59:39,626 - epicsarchiver.common.base_archiver - DEBUG - GET url: http://archiver-linac-wf-04.tn.esss.lu.se:17665/mgmt/bpl/pauseArchivingPV
2025-02-27 14:59:39,753 - urllib3.connectionpool - DEBUG - http://archiver-linac-wf-04.tn.esss.lu.se:17665 "GET /mgmt/bpl/pauseArchivingPV?pv=DTL-030%3APBI-BPM-002%3AXP-AvgValue HTTP/1.1" 200 326
2025-02-27 14:59:39,754 - epicsarchiver.common.base_archiver - DEBUG - GET url: http://archiver-linac-wf-04.tn.esss.lu.se:17665/mgmt/bpl/pauseArchivingPV
2025-02-27 14:59:39,794 - urllib3.connectionpool - DEBUG - http://archiver-linac-wf-04.tn.esss.lu.se:17665 "GET /mgmt/bpl/pauseArchivingPV?pv=DTL-030%3APBI-BPM-002%3AYP-AvgValue HTTP/1.1" 200 326
2025-02-27 14:59:39,794 - epicsarchiver.common.base_archiver - DEBUG - GET url: http://archiver-linac-wf-04.tn.esss.lu.se:17665/mgmt/bpl/pauseArchivingPV
2025-02-27 14:59:39,829 - urllib3.connectionpool - DEBUG - http://archiver-linac-wf-04.tn.esss.lu.se:17665 "GET /mgmt/bpl/pauseArchivingPV?pv=DTL-040%3APBI-BPM-001%3ASA-AvgValue HTTP/1.1" 200 326
2025-02-27 14:59:39,830 - epicsarchiver.common.base_archiver - DEBUG - GET url: http://archiver-linac-wf-04.tn.esss.lu.se:17665/mgmt/bpl/pauseArchivingPV
2025-02-27 14:59:39,870 - urllib3.connectionpool - DEBUG - http://archiver-linac-wf-04.tn.esss.lu.se:17665 "GET /mgmt/bpl/pauseArchivingPV?pv=DTL-040%3APBI-BPM-001%3ASM-AvgValue HTTP/1.1" 200 326
2025-02-27 14:59:39,871 - epicsarchiver.common.base_archiver - DEBUG - GET url: http://archiver-linac-wf-04.tn.esss.lu.se:17665/mgmt/bpl/pauseArchivingPV
2025-02-27 14:59:42,705 - urllib3.connectionpool - DEBUG - http://archiver-linac-wf-04.tn.esss.lu.se:17665 "GET /mgmt/bpl/pauseArchivingPV?pv=DTL-040%3APBI-BPM-001%3ASM-TR1-ArrayData HTTP/1.1" 200 346
2025-02-27 14:59:42,706 - epicsarchiver.common.base_archiver - DEBUG - GET url: http://archiver-linac-wf-04.tn.esss.lu.se:17665/mgmt/bpl/pauseArchivingPV
2025-02-27 14:59:42,860 - urllib3.connectionpool - DEBUG - http://archiver-linac-wf-04.tn.esss.lu.se:17665 "GET /mgmt/bpl/pauseArchivingPV?pv=DTL-040%3APBI-BPM-001%3AXP-AvgValue HTTP/1.1" 200 326
2025-02-27 14:59:42,861 - epicsarchiver.common.base_archiver - DEBUG - GET url: http://archiver-linac-wf-04.tn.esss.lu.se:17665/mgmt/bpl/pauseArchivingPV
2025-02-27 14:59:42,997 - urllib3.connectionpool - DEBUG - http://archiver-linac-wf-04.tn.esss.lu.se:17665 "GET /mgmt/bpl/pauseArchivingPV?pv=DTL-040%3APBI-BPM-001%3AYP-AvgValue HTTP/1.1" 200 326
2025-02-27 14:59:42,998 - epicsarchiver.common.base_archiver - DEBUG - GET url: http://archiver-linac-wf-04.tn.esss.lu.se:17665/mgmt/bpl/pauseArchivingPV
2025-02-27 14:59:43,037 - urllib3.connectionpool - DEBUG - http://archiver-linac-wf-04.tn.esss.lu.se:17665 "GET /mgmt/bpl/pauseArchivingPV?pv=DTL-040%3APBI-BPM-002%3ASA-AvgValue HTTP/1.1" 200 326
2025-02-27 14:59:43,038 - epicsarchiver.common.base_archiver - DEBUG - GET url: http://archiver-linac-wf-04.tn.esss.lu.se:17665/mgmt/bpl/pauseArchivingPV
2025-02-27 14:59:43,080 - urllib3.connectionpool - DEBUG - http://archiver-linac-wf-04.tn.esss.lu.se:17665 "GET /mgmt/bpl/pauseArchivingPV?pv=DTL-040%3APBI-BPM-002%3ASM-AvgValue HTTP/1.1" 200 326
2025-02-27 14:59:43,080 - epicsarchiver.common.base_archiver - DEBUG - GET url: http://archiver-linac-wf-04.tn.esss.lu.se:17665/mgmt/bpl/pauseArchivingPV
2025-02-27 14:59:46,393 - urllib3.connectionpool - DEBUG - http://archiver-linac-wf-04.tn.esss.lu.se:17665 "GET /mgmt/bpl/pauseArchivingPV?pv=DTL-040%3APBI-BPM-002%3ASM-TR1-ArrayData HTTP/1.1" 200 346
2025-02-27 14:59:46,394 - epicsarchiver.common.base_archiver - DEBUG - GET url: http://archiver-linac-wf-04.tn.esss.lu.se:17665/mgmt/bpl/pauseArchivingPV
2025-02-27 14:59:46,441 - urllib3.connectionpool - DEBUG - http://archiver-linac-wf-04.tn.esss.lu.se:17665 "GET /mgmt/bpl/pauseArchivingPV?pv=DTL-040%3APBI-BPM-002%3AXP-AvgValue HTTP/1.1" 200 326
2025-02-27 14:59:46,441 - epicsarchiver.common.base_archiver - DEBUG - GET url: http://archiver-linac-wf-04.tn.esss.lu.se:17665/mgmt/bpl/pauseArchivingPV
2025-02-27 14:59:46,482 - urllib3.connectionpool - DEBUG - http://archiver-linac-wf-04.tn.esss.lu.se:17665 "GET /mgmt/bpl/pauseArchivingPV?pv=DTL-040%3APBI-BPM-002%3AYP-AvgValue HTTP/1.1" 200 326
2025-02-27 14:59:46,483 - epicsarchiver.common.base_archiver - DEBUG - GET url: http://archiver-linac-wf-04.tn.esss.lu.se:17665/mgmt/bpl/pauseArchivingPV
2025-02-27 14:59:46,610 - urllib3.connectionpool - DEBUG - http://archiver-linac-wf-04.tn.esss.lu.se:17665 "GET /mgmt/bpl/pauseArchivingPV?pv=DTL-050%3APBI-BPM-001%3ASA-AvgValue HTTP/1.1" 200 326
2025-02-27 14:59:46,611 - epicsarchiver.common.base_archiver - DEBUG - GET url: http://archiver-linac-wf-04.tn.esss.lu.se:17665/mgmt/bpl/pauseArchivingPV
2025-02-27 14:59:56,604 - urllib3.connectionpool - DEBUG - http://archiver-linac-wf-04.tn.esss.lu.se:17665 "GET /mgmt/bpl/pauseArchivingPV?pv=DTL-050%3APBI-BPM-001%3ASA-TR1-ArrayData HTTP/1.1" 200 346
2025-02-27 14:59:56,605 - epicsarchiver.common.base_archiver - DEBUG - GET url: http://archiver-linac-wf-04.tn.esss.lu.se:17665/mgmt/bpl/pauseArchivingPV
2025-02-27 14:59:56,900 - urllib3.connectionpool - DEBUG - http://archiver-linac-wf-04.tn.esss.lu.se:17665 "GET /mgmt/bpl/pauseArchivingPV?pv=DTL-050%3APBI-BPM-001%3ASM-AvgValue HTTP/1.1" 200 326
2025-02-27 14:59:56,900 - epicsarchiver.common.base_archiver - DEBUG - GET url: http://archiver-linac-wf-04.tn.esss.lu.se:17665/mgmt/bpl/pauseArchivingPV
2025-02-27 15:00:01,795 - urllib3.connectionpool - DEBUG - http://archiver-linac-wf-04.tn.esss.lu.se:17665 "GET /mgmt/bpl/pauseArchivingPV?pv=DTL-050%3APBI-BPM-001%3ASM-TR1-ArrayData HTTP/1.1" 200 346
2025-02-27 15:00:01,795 - epicsarchiver.common.base_archiver - DEBUG - GET url: http://archiver-linac-wf-04.tn.esss.lu.se:17665/mgmt/bpl/pauseArchivingPV
2025-02-27 15:00:01,993 - urllib3.connectionpool - DEBUG - http://archiver-linac-wf-04.tn.esss.lu.se:17665 "GET /mgmt/bpl/pauseArchivingPV?pv=DTL-050%3APBI-BPM-001%3AXP-AvgValue HTTP/1.1" 200 326
2025-02-27 15:00:01,994 - epicsarchiver.common.base_archiver - DEBUG - GET url: http://archiver-linac-wf-04.tn.esss.lu.se:17665/mgmt/bpl/pauseArchivingPV
2025-02-27 15:00:06,975 - urllib3.connectionpool - DEBUG - http://archiver-linac-wf-04.tn.esss.lu.se:17665 "GET /mgmt/bpl/pauseArchivingPV?pv=DTL-050%3APBI-BPM-001%3AXP-TR1-ArrayData HTTP/1.1" 200 346
2025-02-27 15:00:06,977 - epicsarchiver.common.base_archiver - DEBUG - GET url: http://archiver-linac-wf-04.tn.esss.lu.se:17665/mgmt/bpl/pauseArchivingPV
2025-02-27 15:00:07,168 - urllib3.connectionpool - DEBUG - http://archiver-linac-wf-04.tn.esss.lu.se:17665 "GET /mgmt/bpl/pauseArchivingPV?pv=DTL-050%3APBI-BPM-001%3AYP-AvgValue HTTP/1.1" 200 326
2025-02-27 15:00:07,169 - epicsarchiver.common.base_archiver - DEBUG - GET url: http://archiver-linac-wf-04.tn.esss.lu.se:17665/mgmt/bpl/pauseArchivingPV
2025-02-27 15:00:16,089 - urllib3.connectionpool - DEBUG - http://archiver-linac-wf-04.tn.esss.lu.se:17665 "GET /mgmt/bpl/pauseArchivingPV?pv=DTL-050%3APBI-BPM-001%3AYP-TR1-ArrayData HTTP/1.1" 200 346
2025-02-27 15:00:16,090 - epicsarchiver.common.base_archiver - DEBUG - GET url: http://archiver-linac-wf-04.tn.esss.lu.se:17665/mgmt/bpl/pauseArchivingPV
2025-02-27 15:00:16,289 - urllib3.connectionpool - DEBUG - http://archiver-linac-wf-04.tn.esss.lu.se:17665 "GET /mgmt/bpl/pauseArchivingPV?pv=DTL-050%3APBI-BPM-002%3ASA-AvgValue HTTP/1.1" 200 326
2025-02-27 15:00:16,290 - epicsarchiver.common.base_archiver - DEBUG - GET url: http://archiver-linac-wf-04.tn.esss.lu.se:17665/mgmt/bpl/pauseArchivingPV
2025-02-27 15:00:20,962 - urllib3.connectionpool - DEBUG - http://archiver-linac-wf-04.tn.esss.lu.se:17665 "GET /mgmt/bpl/pauseArchivingPV?pv=DTL-050%3APBI-BPM-002%3ASA-TR1-ArrayData HTTP/1.1" 200 346
2025-02-27 15:00:20,963 - epicsarchiver.common.base_archiver - DEBUG - GET url: http://archiver-linac-wf-04.tn.esss.lu.se:17665/mgmt/bpl/pauseArchivingPV
2025-02-27 15:00:21,138 - urllib3.connectionpool - DEBUG - http://archiver-linac-wf-04.tn.esss.lu.se:17665 "GET /mgmt/bpl/pauseArchivingPV?pv=DTL-050%3APBI-BPM-002%3ASM-AvgValue HTTP/1.1" 200 326
2025-02-27 15:00:21,138 - epicsarchiver.common.base_archiver - DEBUG - GET url: http://archiver-linac-wf-04.tn.esss.lu.se:17665/mgmt/bpl/pauseArchivingPV
2025-02-27 15:00:26,057 - urllib3.connectionpool - DEBUG - http://archiver-linac-wf-04.tn.esss.lu.se:17665 "GET /mgmt/bpl/pauseArchivingPV?pv=DTL-050%3APBI-BPM-002%3ASM-TR1-ArrayData HTTP/1.1" 200 346
2025-02-27 15:00:26,057 - epicsarchiver.common.base_archiver - DEBUG - GET url: http://archiver-linac-wf-04.tn.esss.lu.se:17665/mgmt/bpl/pauseArchivingPV
2025-02-27 15:00:26,270 - urllib3.connectionpool - DEBUG - http://archiver-linac-wf-04.tn.esss.lu.se:17665 "GET /mgmt/bpl/pauseArchivingPV?pv=DTL-050%3APBI-BPM-002%3AXP-AvgValue HTTP/1.1" 200 326
2025-02-27 15:00:26,271 - epicsarchiver.common.base_archiver - DEBUG - GET url: http://archiver-linac-wf-04.tn.esss.lu.se:17665/mgmt/bpl/pauseArchivingPV
2025-02-27 15:00:29,399 - urllib3.connectionpool - DEBUG - http://archiver-linac-wf-04.tn.esss.lu.se:17665 "GET /mgmt/bpl/pauseArchivingPV?pv=DTL-050%3APBI-BPM-002%3AXP-TR1-ArrayData HTTP/1.1" 200 346
2025-02-27 15:00:29,400 - epicsarchiver.common.base_archiver - DEBUG - GET url: http://archiver-linac-wf-04.tn.esss.lu.se:17665/mgmt/bpl/pauseArchivingPV
2025-02-27 15:00:29,420 - urllib3.connectionpool - DEBUG - http://archiver-linac-wf-04.tn.esss.lu.se:17665 "GET /mgmt/bpl/pauseArchivingPV?pv=DTL-050%3APBI-BPM-002%3AYP-AvgValue HTTP/1.1" 200 326
2025-02-27 15:00:29,420 - epicsarchiver.common.base_archiver - DEBUG - GET url: http://archiver-linac-wf-04.tn.esss.lu.se:17665/mgmt/bpl/pauseArchivingPV
2025-02-27 15:00:33,085 - urllib3.connectionpool - DEBUG - http://archiver-linac-wf-04.tn.esss.lu.se:17665 "GET /mgmt/bpl/pauseArchivingPV?pv=DTL-050%3APBI-BPM-002%3AYP-TR1-ArrayData HTTP/1.1" 200 346
2025-02-27 15:00:33,086 - epicsarchiver.common.base_archiver - DEBUG - GET url: http://archiver-linac-wf-04.tn.esss.lu.se:17665/mgmt/bpl/pauseArchivingPV
2025-02-27 15:00:33,138 - urllib3.connectionpool - DEBUG - http://archiver-linac-wf-04.tn.esss.lu.se:17665 "GET /mgmt/bpl/pauseArchivingPV?pv=DTL-010%3APBI-BPM-001%3ASA-AvgValue HTTP/1.1" 200 326
2025-02-27 15:00:33,139 - epicsarchiver.common.base_archiver - DEBUG - GET url: http://archiver-linac-wf-04.tn.esss.lu.se:17665/mgmt/bpl/pauseArchivingPV
2025-02-27 15:00:33,166 - urllib3.connectionpool - DEBUG - http://archiver-linac-wf-04.tn.esss.lu.se:17665 "GET /mgmt/bpl/pauseArchivingPV?pv=DTL-010%3APBI-BPM-001%3AXP-AvgValue HTTP/1.1" 200 326
2025-02-27 15:00:33,167 - epicsarchiver.common.base_archiver - DEBUG - GET url: http://archiver-linac-wf-04.tn.esss.lu.se:17665/mgmt/bpl/pauseArchivingPV
2025-02-27 15:00:34,827 - urllib3.connectionpool - DEBUG - http://archiver-linac-wf-04.tn.esss.lu.se:17665 "GET /mgmt/bpl/pauseArchivingPV?pv=DTL-010%3APBI-BPM-001%3AYP-TR1-ArrayData HTTP/1.1" 200 346
2025-02-27 15:00:34,827 - epicsarchiver.common.base_archiver - DEBUG - GET url: http://archiver-linac-wf-04.tn.esss.lu.se:17665/mgmt/bpl/pauseArchivingPV
2025-02-27 15:00:35,952 - urllib3.connectionpool - DEBUG - http://archiver-linac-wf-04.tn.esss.lu.se:17665 "GET /mgmt/bpl/pauseArchivingPV?pv=DTL-010%3APBI-BPM-002%3AXP-TR1-ArrayData HTTP/1.1" 200 346
2025-02-27 15:00:35,952 - epicsarchiver.common.base_archiver - DEBUG - GET url: http://archiver-linac-wf-04.tn.esss.lu.se:17665/mgmt/bpl/pauseArchivingPV
2025-02-27 15:00:37,065 - urllib3.connectionpool - DEBUG - http://archiver-linac-wf-04.tn.esss.lu.se:17665 "GET /mgmt/bpl/pauseArchivingPV?pv=DTL-010%3APBI-BPM-002%3AYP-TR1-ArrayData HTTP/1.1" 200 346
2025-02-27 15:00:37,065 - epicsarchiver.common.base_archiver - DEBUG - GET url: http://archiver-linac-wf-04.tn.esss.lu.se:17665/mgmt/bpl/pauseArchivingPV
2025-02-27 15:00:38,307 - urllib3.connectionpool - DEBUG - http://archiver-linac-wf-04.tn.esss.lu.se:17665 "GET /mgmt/bpl/pauseArchivingPV?pv=DTL-010%3APBI-BPM-003%3AYP-TR1-ArrayData HTTP/1.1" 200 346
2025-02-27 15:00:38,307 - epicsarchiver.common.base_archiver - DEBUG - GET url: http://archiver-linac-wf-04.tn.esss.lu.se:17665/mgmt/bpl/pauseArchivingPV
2025-02-27 15:00:39,539 - urllib3.connectionpool - DEBUG - http://archiver-linac-wf-04.tn.esss.lu.se:17665 "GET /mgmt/bpl/pauseArchivingPV?pv=DTL-010%3APBI-BPM-004%3ASA-TR1-ArrayData HTTP/1.1" 200 346
2025-02-27 15:00:39,539 - epicsarchiver.common.base_archiver - DEBUG - GET url: http://archiver-linac-wf-04.tn.esss.lu.se:17665/mgmt/bpl/pauseArchivingPV
2025-02-27 15:00:46,502 - urllib3.connectionpool - DEBUG - http://archiver-linac-wf-04.tn.esss.lu.se:17665 "GET /mgmt/bpl/pauseArchivingPV?pv=DTL-010%3APBI-BPM-005%3ASM-TR1-ArrayData HTTP/1.1" 200 346
2025-02-27 15:00:46,506 - epicsarchiver.common.base_archiver - DEBUG - GET url: http://archiver-linac-wf-04.tn.esss.lu.se:17665/mgmt/bpl/pauseArchivingPV
2025-02-27 15:00:48,041 - urllib3.connectionpool - DEBUG - http://archiver-linac-wf-04.tn.esss.lu.se:17665 "GET /mgmt/bpl/pauseArchivingPV?pv=DTL-010%3APBI-BPM-006%3ASA-TR1-ArrayData HTTP/1.1" 200 346
2025-02-27 15:00:48,041 - epicsarchiver.common.base_archiver - DEBUG - GET url: http://archiver-linac-wf-04.tn.esss.lu.se:17665/mgmt/bpl/pauseArchivingPV
2025-02-27 15:00:50,068 - urllib3.connectionpool - DEBUG - http://archiver-linac-wf-04.tn.esss.lu.se:17665 "GET /mgmt/bpl/pauseArchivingPV?pv=DTL-020%3APBI-BPM-001%3AXP-TR1-ArrayData HTTP/1.1" 200 346
2025-02-27 15:00:50,069 - epicsarchiver.common.base_archiver - DEBUG - GET url: http://archiver-linac-wf-04.tn.esss.lu.se:17665/mgmt/bpl/pauseArchivingPV
2025-02-27 15:00:50,101 - urllib3.connectionpool - DEBUG - http://archiver-linac-wf-04.tn.esss.lu.se:17665 "GET /mgmt/bpl/pauseArchivingPV?pv=DTL-020%3APBI-BPM-003%3AXP-AvgValue HTTP/1.1" 200 326
2025-02-27 15:00:50,102 - epicsarchiver.common.base_archiver - DEBUG - GET url: http://archiver-linac-wf-04.tn.esss.lu.se:17665/mgmt/bpl/pauseArchivingPV
2025-02-27 15:00:52,131 - urllib3.connectionpool - DEBUG - http://archiver-linac-wf-04.tn.esss.lu.se:17665 "GET /mgmt/bpl/pauseArchivingPV?pv=DTL-010%3APBI-BPM-002%3ASA-TR1-ArrayData HTTP/1.1" 200 346
2025-02-27 15:00:52,132 - epicsarchiver.common.base_archiver - DEBUG - GET url: http://archiver-linac-wf-04.tn.esss.lu.se:17665/mgmt/bpl/pauseArchivingPV
2025-02-27 15:00:53,873 - urllib3.connectionpool - DEBUG - http://archiver-linac-wf-04.tn.esss.lu.se:17665 "GET /mgmt/bpl/pauseArchivingPV?pv=DTL-010%3APBI-BPM-003%3ASA-TR1-ArrayData HTTP/1.1" 200 346
2025-02-27 15:00:53,874 - epicsarchiver.common.base_archiver - DEBUG - GET url: http://archiver-linac-wf-04.tn.esss.lu.se:17665/mgmt/bpl/pauseArchivingPV
2025-02-27 15:00:55,308 - urllib3.connectionpool - DEBUG - http://archiver-linac-wf-04.tn.esss.lu.se:17665 "GET /mgmt/bpl/pauseArchivingPV?pv=DTL-010%3APBI-BPM-003%3ASM-TR1-ArrayData HTTP/1.1" 200 346
2025-02-27 15:00:55,309 - epicsarchiver.common.base_archiver - DEBUG - GET url: http://archiver-linac-wf-04.tn.esss.lu.se:17665/mgmt/bpl/pauseArchivingPV
2025-02-27 15:00:56,738 - urllib3.connectionpool - DEBUG - http://archiver-linac-wf-04.tn.esss.lu.se:17665 "GET /mgmt/bpl/pauseArchivingPV?pv=DTL-010%3APBI-BPM-003%3AXP-TR1-ArrayData HTTP/1.1" 200 346
2025-02-27 15:00:56,739 - epicsarchiver.common.base_archiver - DEBUG - GET url: http://archiver-linac-wf-04.tn.esss.lu.se:17665/mgmt/bpl/pauseArchivingPV
2025-02-27 15:00:58,251 - urllib3.connectionpool - DEBUG - http://archiver-linac-wf-04.tn.esss.lu.se:17665 "GET /mgmt/bpl/pauseArchivingPV?pv=DTL-010%3APBI-BPM-004%3ASM-TR1-ArrayData HTTP/1.1" 200 346
2025-02-27 15:00:58,252 - epicsarchiver.common.base_archiver - DEBUG - GET url: http://archiver-linac-wf-04.tn.esss.lu.se:17665/mgmt/bpl/pauseArchivingPV
2025-02-27 15:00:59,810 - urllib3.connectionpool - DEBUG - http://archiver-linac-wf-04.tn.esss.lu.se:17665 "GET /mgmt/bpl/pauseArchivingPV?pv=DTL-010%3APBI-BPM-005%3AXP-TR1-ArrayData HTTP/1.1" 200 346
2025-02-27 15:00:59,810 - epicsarchiver.common.base_archiver - DEBUG - GET url: http://archiver-linac-wf-04.tn.esss.lu.se:17665/mgmt/bpl/pauseArchivingPV
2025-02-27 15:01:01,864 - urllib3.connectionpool - DEBUG - http://archiver-linac-wf-04.tn.esss.lu.se:17665 "GET /mgmt/bpl/pauseArchivingPV?pv=DTL-010%3APBI-BPM-005%3AYP-TR1-ArrayData HTTP/1.1" 200 346
2025-02-27 15:01:01,864 - epicsarchiver.common.base_archiver - DEBUG - GET url: http://archiver-linac-wf-04.tn.esss.lu.se:17665/mgmt/bpl/pauseArchivingPV
2025-02-27 15:01:06,064 - urllib3.connectionpool - DEBUG - http://archiver-linac-wf-04.tn.esss.lu.se:17665 "GET /mgmt/bpl/pauseArchivingPV?pv=DTL-010%3APBI-BPM-006%3ASM-TR1-ArrayData HTTP/1.1" 200 346
2025-02-27 15:01:06,064 - epicsarchiver.common.base_archiver - DEBUG - GET url: http://archiver-linac-wf-04.tn.esss.lu.se:17665/mgmt/bpl/pauseArchivingPV
2025-02-27 15:01:07,559 - urllib3.connectionpool - DEBUG - http://archiver-linac-wf-04.tn.esss.lu.se:17665 "GET /mgmt/bpl/pauseArchivingPV?pv=DTL-010%3APBI-BPM-006%3AYP-TR1-ArrayData HTTP/1.1" 200 346
2025-02-27 15:01:07,560 - epicsarchiver.common.base_archiver - DEBUG - GET url: http://archiver-linac-wf-04.tn.esss.lu.se:17665/mgmt/bpl/pauseArchivingPV
2025-02-27 15:01:09,627 - urllib3.connectionpool - DEBUG - http://archiver-linac-wf-04.tn.esss.lu.se:17665 "GET /mgmt/bpl/pauseArchivingPV?pv=DTL-020%3APBI-BPM-002%3ASA-TR1-ArrayData HTTP/1.1" 200 346
2025-02-27 15:01:09,628 - epicsarchiver.common.base_archiver - DEBUG - GET url: http://archiver-linac-wf-04.tn.esss.lu.se:17665/mgmt/bpl/pauseArchivingPV
2025-02-27 15:01:11,088 - urllib3.connectionpool - DEBUG - http://archiver-linac-wf-04.tn.esss.lu.se:17665 "GET /mgmt/bpl/pauseArchivingPV?pv=DTL-020%3APBI-BPM-002%3AXP-TR1-ArrayData HTTP/1.1" 200 346
2025-02-27 15:01:11,089 - epicsarchiver.common.base_archiver - DEBUG - GET url: http://archiver-linac-wf-04.tn.esss.lu.se:17665/mgmt/bpl/pauseArchivingPV
2025-02-27 15:01:12,492 - urllib3.connectionpool - DEBUG - http://archiver-linac-wf-04.tn.esss.lu.se:17665 "GET /mgmt/bpl/pauseArchivingPV?pv=DTL-020%3APBI-BPM-003%3ASA-TR1-ArrayData HTTP/1.1" 200 346
2025-02-27 15:01:12,493 - epicsarchiver.common.base_archiver - DEBUG - GET url: http://archiver-linac-wf-04.tn.esss.lu.se:17665/mgmt/bpl/pauseArchivingPV
2025-02-27 15:01:15,068 - urllib3.connectionpool - DEBUG - http://archiver-linac-wf-04.tn.esss.lu.se:17665 "GET /mgmt/bpl/pauseArchivingPV?pv=DTL-020%3APBI-BPM-003%3ASM-TR1-ArrayData HTTP/1.1" 200 346
2025-02-27 15:01:15,069 - epicsarchiver.common.base_archiver - DEBUG - GET url: http://archiver-linac-wf-04.tn.esss.lu.se:17665/mgmt/bpl/pauseArchivingPV
2025-02-27 15:01:16,809 - urllib3.connectionpool - DEBUG - http://archiver-linac-wf-04.tn.esss.lu.se:17665 "GET /mgmt/bpl/pauseArchivingPV?pv=DTL-020%3APBI-BPM-003%3AXP-TR1-ArrayData HTTP/1.1" 200 346
2025-02-27 15:01:16,809 - epicsarchiver.common.base_archiver - DEBUG - GET url: http://archiver-linac-wf-04.tn.esss.lu.se:17665/mgmt/bpl/pauseArchivingPV
2025-02-27 15:01:16,854 - urllib3.connectionpool - DEBUG - http://archiver-linac-wf-04.tn.esss.lu.se:17665 "GET /mgmt/bpl/pauseArchivingPV?pv=DTL-010%3APBI-BPM-001%3ASM-AvgValue HTTP/1.1" 200 326
2025-02-27 15:01:16,854 - epicsarchiver.common.base_archiver - DEBUG - GET url: http://archiver-linac-wf-04.tn.esss.lu.se:17665/mgmt/bpl/pauseArchivingPV
2025-02-27 15:01:18,098 - urllib3.connectionpool - DEBUG - http://archiver-linac-wf-04.tn.esss.lu.se:17665 "GET /mgmt/bpl/pauseArchivingPV?pv=DTL-010%3APBI-BPM-001%3AXP-TR1-ArrayData HTTP/1.1" 200 346
2025-02-27 15:01:18,099 - epicsarchiver.common.base_archiver - DEBUG - GET url: http://archiver-linac-wf-04.tn.esss.lu.se:17665/mgmt/bpl/pauseArchivingPV
2025-02-27 15:01:19,342 - urllib3.connectionpool - DEBUG - http://archiver-linac-wf-04.tn.esss.lu.se:17665 "GET /mgmt/bpl/pauseArchivingPV?pv=DTL-010%3APBI-BPM-002%3ASM-TR1-ArrayData HTTP/1.1" 200 346
2025-02-27 15:01:19,342 - epicsarchiver.common.base_archiver - DEBUG - GET url: http://archiver-linac-wf-04.tn.esss.lu.se:17665/mgmt/bpl/pauseArchivingPV
2025-02-27 15:01:19,389 - urllib3.connectionpool - DEBUG - http://archiver-linac-wf-04.tn.esss.lu.se:17665 "GET /mgmt/bpl/pauseArchivingPV?pv=DTL-020%3APBI-BPM-001%3ASA-AvgValue HTTP/1.1" 200 326
2025-02-27 15:01:19,389 - epicsarchiver.common.base_archiver - DEBUG - GET url: http://archiver-linac-wf-04.tn.esss.lu.se:17665/mgmt/bpl/pauseArchivingPV
2025-02-27 15:01:19,413 - urllib3.connectionpool - DEBUG - http://archiver-linac-wf-04.tn.esss.lu.se:17665 "GET /mgmt/bpl/pauseArchivingPV?pv=DTL-020%3APBI-BPM-001%3ASM-AvgValue HTTP/1.1" 200 326
2025-02-27 15:01:19,414 - epicsarchiver.common.base_archiver - DEBUG - GET url: http://archiver-linac-wf-04.tn.esss.lu.se:17665/mgmt/bpl/pauseArchivingPV
2025-02-27 15:01:20,631 - urllib3.connectionpool - DEBUG - http://archiver-linac-wf-04.tn.esss.lu.se:17665 "GET /mgmt/bpl/pauseArchivingPV?pv=DTL-020%3APBI-BPM-001%3ASM-TR1-ArrayData HTTP/1.1" 200 346
2025-02-27 15:01:20,632 - epicsarchiver.common.base_archiver - DEBUG - GET url: http://archiver-linac-wf-04.tn.esss.lu.se:17665/mgmt/bpl/pauseArchivingPV
2025-02-27 15:01:20,652 - urllib3.connectionpool - DEBUG - http://archiver-linac-wf-04.tn.esss.lu.se:17665 "GET /mgmt/bpl/pauseArchivingPV?pv=DTL-020%3APBI-BPM-001%3AXP-AvgValue HTTP/1.1" 200 326
2025-02-27 15:01:20,653 - epicsarchiver.common.base_archiver - DEBUG - GET url: http://archiver-linac-wf-04.tn.esss.lu.se:17665/mgmt/bpl/pauseArchivingPV
2025-02-27 15:01:20,671 - urllib3.connectionpool - DEBUG - http://archiver-linac-wf-04.tn.esss.lu.se:17665 "GET /mgmt/bpl/pauseArchivingPV?pv=DTL-020%3APBI-BPM-001%3AYP-AvgValue HTTP/1.1" 200 326
2025-02-27 15:01:20,671 - epicsarchiver.common.base_archiver - DEBUG - GET url: http://archiver-linac-wf-04.tn.esss.lu.se:17665/mgmt/bpl/pauseArchivingPV
2025-02-27 15:01:20,692 - urllib3.connectionpool - DEBUG - http://archiver-linac-wf-04.tn.esss.lu.se:17665 "GET /mgmt/bpl/pauseArchivingPV?pv=DTL-020%3APBI-BPM-002%3ASA-AvgValue HTTP/1.1" 200 326
2025-02-27 15:01:20,692 - epicsarchiver.common.base_archiver - DEBUG - GET url: http://archiver-linac-wf-04.tn.esss.lu.se:17665/mgmt/bpl/pauseArchivingPV
2025-02-27 15:01:20,714 - urllib3.connectionpool - DEBUG - http://archiver-linac-wf-04.tn.esss.lu.se:17665 "GET /mgmt/bpl/pauseArchivingPV?pv=DTL-020%3APBI-BPM-002%3ASM-AvgValue HTTP/1.1" 200 326
2025-02-27 15:01:20,714 - epicsarchiver.common.base_archiver - DEBUG - GET url: http://archiver-linac-wf-04.tn.esss.lu.se:17665/mgmt/bpl/pauseArchivingPV
2025-02-27 15:01:21,777 - urllib3.connectionpool - DEBUG - http://archiver-linac-wf-04.tn.esss.lu.se:17665 "GET /mgmt/bpl/pauseArchivingPV?pv=DTL-020%3APBI-BPM-002%3ASM-TR1-ArrayData HTTP/1.1" 200 346
2025-02-27 15:01:21,778 - epicsarchiver.common.base_archiver - DEBUG - GET url: http://archiver-linac-wf-04.tn.esss.lu.se:17665/mgmt/bpl/pauseArchivingPV
2025-02-27 15:01:21,823 - urllib3.connectionpool - DEBUG - http://archiver-linac-wf-04.tn.esss.lu.se:17665 "GET /mgmt/bpl/pauseArchivingPV?pv=DTL-020%3APBI-BPM-002%3AXP-AvgValue HTTP/1.1" 200 326
2025-02-27 15:01:21,824 - epicsarchiver.common.base_archiver - DEBUG - GET url: http://archiver-linac-wf-04.tn.esss.lu.se:17665/mgmt/bpl/pauseArchivingPV
2025-02-27 15:01:21,851 - urllib3.connectionpool - DEBUG - http://archiver-linac-wf-04.tn.esss.lu.se:17665 "GET /mgmt/bpl/pauseArchivingPV?pv=DTL-020%3APBI-BPM-002%3AYP-AvgValue HTTP/1.1" 200 326
2025-02-27 15:01:21,852 - epicsarchiver.common.base_archiver - DEBUG - GET url: http://archiver-linac-wf-04.tn.esss.lu.se:17665/mgmt/bpl/pauseArchivingPV
2025-02-27 15:01:21,873 - urllib3.connectionpool - DEBUG - http://archiver-linac-wf-04.tn.esss.lu.se:17665 "GET /mgmt/bpl/pauseArchivingPV?pv=DTL-020%3APBI-BPM-003%3ASA-AvgValue HTTP/1.1" 200 326
2025-02-27 15:01:21,874 - epicsarchiver.common.base_archiver - DEBUG - GET url: http://archiver-linac-wf-04.tn.esss.lu.se:17665/mgmt/bpl/pauseArchivingPV
2025-02-27 15:01:21,904 - urllib3.connectionpool - DEBUG - http://archiver-linac-wf-04.tn.esss.lu.se:17665 "GET /mgmt/bpl/pauseArchivingPV?pv=DTL-020%3APBI-BPM-003%3ASM-AvgValue HTTP/1.1" 200 326
2025-02-27 15:01:21,904 - epicsarchiver.common.base_archiver - DEBUG - GET url: http://archiver-linac-wf-04.tn.esss.lu.se:17665/mgmt/bpl/pauseArchivingPV
2025-02-27 15:01:21,923 - urllib3.connectionpool - DEBUG - http://archiver-linac-wf-04.tn.esss.lu.se:17665 "GET /mgmt/bpl/pauseArchivingPV?pv=DTL-020%3APBI-BPM-003%3AYP-AvgValue HTTP/1.1" 200 326
2025-02-27 15:01:21,924 - epicsarchiver.common.base_archiver - DEBUG - GET url: http://archiver-linac-wf-04.tn.esss.lu.se:17665/mgmt/bpl/pauseArchivingPV
2025-02-27 15:01:26,213 - urllib3.connectionpool - DEBUG - http://archiver-linac-wf-04.tn.esss.lu.se:17665 "GET /mgmt/bpl/pauseArchivingPV?pv=DTL-030%3APBI-BPM-002%3AYP-TR1-ArrayData HTTP/1.1" 200 346
2025-02-27 15:01:26,213 - epicsarchiver.common.base_archiver - DEBUG - GET url: http://archiver-linac-wf-04.tn.esss.lu.se:17665/mgmt/bpl/pauseArchivingPV
2025-02-27 15:01:26,214 - urllib3.connectionpool - DEBUG - Resetting dropped connection: archiver-linac-wf-04.tn.esss.lu.se
2025-02-27 15:01:30,736 - urllib3.connectionpool - DEBUG - http://archiver-linac-wf-04.tn.esss.lu.se:17665 "GET /mgmt/bpl/pauseArchivingPV?pv=DTL-040%3APBI-BPM-002%3AXP-TR1-ArrayData HTTP/1.1" 200 346
2025-02-27 15:01:30,737 - epicsarchiver.common.base_archiver - DEBUG - GET url: http://archiver-linac-wf-04.tn.esss.lu.se:17665/mgmt/bpl/pauseArchivingPV
2025-02-27 15:01:34,934 - urllib3.connectionpool - DEBUG - http://archiver-linac-wf-04.tn.esss.lu.se:17665 "GET /mgmt/bpl/pauseArchivingPV?pv=DTL-040%3APBI-BPM-002%3AYP-TR1-ArrayData HTTP/1.1" 200 346
2025-02-27 15:01:34,935 - epicsarchiver.common.base_archiver - DEBUG - GET url: http://archiver-linac-wf-04.tn.esss.lu.se:17665/mgmt/bpl/pauseArchivingPV
2025-02-27 15:01:37,749 - urllib3.connectionpool - DEBUG - http://archiver-linac-wf-04.tn.esss.lu.se:17665 "GET /mgmt/bpl/pauseArchivingPV?pv=DTL-010%3APBI-BPM-001%3ASM-TR1-ArrayData HTTP/1.1" 200 346
2025-02-27 15:01:37,750 - epicsarchiver.common.base_archiver - DEBUG - GET url: http://archiver-linac-wf-04.tn.esss.lu.se:17665/mgmt/bpl/pauseArchivingPV
2025-02-27 15:01:39,803 - urllib3.connectionpool - DEBUG - http://archiver-linac-wf-04.tn.esss.lu.se:17665 "GET /mgmt/bpl/pauseArchivingPV?pv=DTL-020%3APBI-BPM-001%3AYP-TR1-ArrayData HTTP/1.1" 200 346
2025-02-27 15:01:39,804 - epicsarchiver.common.base_archiver - DEBUG - GET url: http://archiver-linac-wf-04.tn.esss.lu.se:17665/mgmt/bpl/pauseArchivingPV
2025-02-27 15:01:49,063 - urllib3.connectionpool - DEBUG - http://archiver-linac-wf-04.tn.esss.lu.se:17665 "GET /mgmt/bpl/pauseArchivingPV?pv=DTL-030%3APBI-BPM-001%3AXP-TR1-ArrayData HTTP/1.1" 200 346
2025-02-27 15:01:49,064 - epicsarchiver.common.base_archiver - DEBUG - GET url: http://archiver-linac-wf-04.tn.esss.lu.se:17665/mgmt/bpl/pauseArchivingPV
2025-02-27 15:01:56,642 - urllib3.connectionpool - DEBUG - http://archiver-linac-wf-04.tn.esss.lu.se:17665 "GET /mgmt/bpl/pauseArchivingPV?pv=DTL-030%3APBI-BPM-001%3AYP-TR1-ArrayData HTTP/1.1" 200 346
2025-02-27 15:01:56,643 - epicsarchiver.common.base_archiver - DEBUG - GET url: http://archiver-linac-wf-04.tn.esss.lu.se:17665/mgmt/bpl/pauseArchivingPV
2025-02-27 15:02:04,324 - urllib3.connectionpool - DEBUG - http://archiver-linac-wf-04.tn.esss.lu.se:17665 "GET /mgmt/bpl/pauseArchivingPV?pv=DTL-030%3APBI-BPM-002%3AXP-TR1-ArrayData HTTP/1.1" 200 346
2025-02-27 15:02:04,326 - epicsarchiver.common.base_archiver - DEBUG - GET url: http://archiver-linac-wf-04.tn.esss.lu.se:17665/mgmt/bpl/pauseArchivingPV
2025-02-27 15:02:12,815 - urllib3.connectionpool - DEBUG - http://archiver-linac-wf-04.tn.esss.lu.se:17665 "GET /mgmt/bpl/pauseArchivingPV?pv=DTL-040%3APBI-BPM-001%3AXP-TR1-ArrayData HTTP/1.1" 200 346
2025-02-27 15:02:12,816 - epicsarchiver.common.base_archiver - DEBUG - GET url: http://archiver-linac-wf-04.tn.esss.lu.se:17665/mgmt/bpl/pauseArchivingPV
2025-02-27 15:02:16,105 - urllib3.connectionpool - DEBUG - http://archiver-linac-wf-04.tn.esss.lu.se:17665 "GET /mgmt/bpl/pauseArchivingPV?pv=DTL-010%3APBI-BPM-001%3ASA-TR1-ArrayData HTTP/1.1" 200 346
2025-02-27 15:02:16,106 - epicsarchiver.common.base_archiver - DEBUG - GET url: http://archiver-linac-wf-04.tn.esss.lu.se:17665/mgmt/bpl/pauseArchivingPV
2025-02-27 15:02:18,003 - urllib3.connectionpool - DEBUG - http://archiver-linac-wf-04.tn.esss.lu.se:17665 "GET /mgmt/bpl/pauseArchivingPV?pv=DTL-010%3APBI-BPM-004%3AXP-TR1-ArrayData HTTP/1.1" 200 346
2025-02-27 15:02:18,004 - epicsarchiver.common.base_archiver - DEBUG - GET url: http://archiver-linac-wf-04.tn.esss.lu.se:17665/mgmt/bpl/pauseArchivingPV
2025-02-27 15:02:20,456 - urllib3.connectionpool - DEBUG - http://archiver-linac-wf-04.tn.esss.lu.se:17665 "GET /mgmt/bpl/pauseArchivingPV?pv=DTL-010%3APBI-BPM-004%3AYP-TR1-ArrayData HTTP/1.1" 200 346
2025-02-27 15:02:20,457 - epicsarchiver.common.base_archiver - DEBUG - GET url: http://archiver-linac-wf-04.tn.esss.lu.se:17665/mgmt/bpl/pauseArchivingPV
2025-02-27 15:02:22,757 - urllib3.connectionpool - DEBUG - http://archiver-linac-wf-04.tn.esss.lu.se:17665 "GET /mgmt/bpl/pauseArchivingPV?pv=DTL-010%3APBI-BPM-005%3ASA-TR1-ArrayData HTTP/1.1" 200 346
2025-02-27 15:02:22,758 - epicsarchiver.common.base_archiver - DEBUG - GET url: http://archiver-linac-wf-04.tn.esss.lu.se:17665/mgmt/bpl/pauseArchivingPV
2025-02-27 15:02:29,929 - urllib3.connectionpool - DEBUG - http://archiver-linac-wf-04.tn.esss.lu.se:17665 "GET /mgmt/bpl/pauseArchivingPV?pv=DTL-010%3APBI-BPM-006%3AXP-TR1-ArrayData HTTP/1.1" 200 346
2025-02-27 15:02:29,930 - epicsarchiver.common.base_archiver - DEBUG - GET url: http://archiver-linac-wf-04.tn.esss.lu.se:17665/mgmt/bpl/pauseArchivingPV
2025-02-27 15:02:32,279 - urllib3.connectionpool - DEBUG - http://archiver-linac-wf-04.tn.esss.lu.se:17665 "GET /mgmt/bpl/pauseArchivingPV?pv=DTL-020%3APBI-BPM-001%3ASA-TR1-ArrayData HTTP/1.1" 200 346
2025-02-27 15:02:32,280 - epicsarchiver.common.base_archiver - DEBUG - GET url: http://archiver-linac-wf-04.tn.esss.lu.se:17665/mgmt/bpl/pauseArchivingPV
2025-02-27 15:02:34,531 - urllib3.connectionpool - DEBUG - http://archiver-linac-wf-04.tn.esss.lu.se:17665 "GET /mgmt/bpl/pauseArchivingPV?pv=DTL-020%3APBI-BPM-002%3AYP-TR1-ArrayData HTTP/1.1" 200 346
2025-02-27 15:02:34,533 - epicsarchiver.common.base_archiver - DEBUG - GET url: http://archiver-linac-wf-04.tn.esss.lu.se:17665/mgmt/bpl/pauseArchivingPV
2025-02-27 15:02:36,172 - urllib3.connectionpool - DEBUG - http://archiver-linac-wf-04.tn.esss.lu.se:17665 "GET /mgmt/bpl/pauseArchivingPV?pv=DTL-020%3APBI-BPM-003%3AYP-TR1-ArrayData HTTP/1.1" 200 346
2025-02-27 15:02:36,173 - epicsarchiver.common.base_archiver - DEBUG - GET url: http://archiver-linac-wf-04.tn.esss.lu.se:17665/mgmt/bpl/pauseArchivingPV
2025-02-27 15:02:45,694 - urllib3.connectionpool - DEBUG - http://archiver-linac-wf-04.tn.esss.lu.se:17665 "GET /mgmt/bpl/pauseArchivingPV?pv=DTL-030%3APBI-BPM-001%3ASA-TR1-ArrayData HTTP/1.1" 200 346
2025-02-27 15:02:45,695 - epicsarchiver.common.base_archiver - DEBUG - GET url: http://archiver-linac-wf-04.tn.esss.lu.se:17665/mgmt/bpl/pauseArchivingPV
2025-02-27 15:02:55,686 - urllib3.connectionpool - DEBUG - http://archiver-linac-wf-04.tn.esss.lu.se:17665 "GET /mgmt/bpl/pauseArchivingPV?pv=DTL-040%3APBI-BPM-001%3ASA-TR1-ArrayData HTTP/1.1" 200 346
2025-02-27 15:02:55,687 - epicsarchiver.common.base_archiver - DEBUG - GET url: http://archiver-linac-wf-04.tn.esss.lu.se:17665/mgmt/bpl/pauseArchivingPV
2025-02-27 15:03:12,731 - urllib3.connectionpool - DEBUG - http://archiver-linac-wf-04.tn.esss.lu.se:17665 "GET /mgmt/bpl/pauseArchivingPV?pv=DTL-040%3APBI-BPM-001%3AYP-TR1-ArrayData HTTP/1.1" 200 346
2025-02-27 15:03:12,733 - epicsarchiver.common.base_archiver - DEBUG - GET url: http://archiver-linac-wf-04.tn.esss.lu.se:17665/mgmt/bpl/pauseArchivingPV
2025-02-27 15:03:20,818 - urllib3.connectionpool - DEBUG - http://archiver-linac-wf-04.tn.esss.lu.se:17665 "GET /mgmt/bpl/pauseArchivingPV?pv=DTL-040%3APBI-BPM-002%3ASA-TR1-ArrayData HTTP/1.1" 200 346
2025-02-27 15:04:25,638 - epicsarchiver.common.base_archiver - DEBUG - GET url: http://archiver-linac-wf-04.tn.esss.lu.se:17665/mgmt/bpl/pauseArchivingPV
2025-02-27 15:04:25,643 - urllib3.connectionpool - DEBUG - Resetting dropped connection: archiver-linac-wf-04.tn.esss.lu.se
2025-02-27 15:04:25,669 - urllib3.connectionpool - DEBUG - http://archiver-linac-wf-04.tn.esss.lu.se:17665 "GET /mgmt/bpl/pauseArchivingPV?pv=PBI-BPM01%3ACtrl-AMC-110%3AArrayRate_RBV HTTP/1.1" 200 346
2025-02-27 15:04:25,669 - epicsarchiver.common.base_archiver - DEBUG - GET url: http://archiver-linac-wf-04.tn.esss.lu.se:17665/mgmt/bpl/pauseArchivingPV
2025-02-27 15:04:25,684 - urllib3.connectionpool - DEBUG - http://archiver-linac-wf-04.tn.esss.lu.se:17665 "GET /mgmt/bpl/pauseArchivingPV?pv=PBI-BPM01%3ACtrl-AMC-120%3AArrayRate_RBV HTTP/1.1" 200 346
2025-02-27 15:04:25,684 - epicsarchiver.common.base_archiver - DEBUG - GET url: http://archiver-linac-wf-04.tn.esss.lu.se:17665/mgmt/bpl/pauseArchivingPV
2025-02-27 15:04:26,353 - urllib3.connectionpool - DEBUG - http://archiver-linac-wf-04.tn.esss.lu.se:17665 "GET /mgmt/bpl/pauseArchivingPV?pv=PBI-BPM01%3ACtrl-AMC-120%3ADIFF-A-TR1-ArrayData HTTP/1.1" 200 374
2025-02-27 15:04:26,353 - epicsarchiver.common.base_archiver - DEBUG - GET url: http://archiver-linac-wf-04.tn.esss.lu.se:17665/mgmt/bpl/pauseArchivingPV
2025-02-27 15:04:26,432 - urllib3.connectionpool - DEBUG - http://archiver-linac-wf-04.tn.esss.lu.se:17665 "GET /mgmt/bpl/pauseArchivingPV?pv=PBI-BPM01%3ACtrl-AMC-130%3AArrayRate_RBV HTTP/1.1" 200 346
2025-02-27 15:04:26,433 - epicsarchiver.common.base_archiver - DEBUG - GET url: http://archiver-linac-wf-04.tn.esss.lu.se:17665/mgmt/bpl/pauseArchivingPV
2025-02-27 15:04:26,449 - urllib3.connectionpool - DEBUG - http://archiver-linac-wf-04.tn.esss.lu.se:17665 "GET /mgmt/bpl/pauseArchivingPV?pv=PBI-BPM01%3ACtrl-AMC-140%3AArrayRate_RBV HTTP/1.1" 200 346
2025-02-27 15:04:26,450 - epicsarchiver.common.base_archiver - DEBUG - GET url: http://archiver-linac-wf-04.tn.esss.lu.se:17665/mgmt/bpl/pauseArchivingPV
2025-02-27 15:04:27,702 - urllib3.connectionpool - DEBUG - http://archiver-linac-wf-04.tn.esss.lu.se:17665 "GET /mgmt/bpl/pauseArchivingPV?pv=PBI-BPM01%3ACtrl-AMC-210%3ADIFF-A-TR1-ArrayData HTTP/1.1" 200 374
2025-02-27 15:04:27,703 - epicsarchiver.common.base_archiver - DEBUG - GET url: http://archiver-linac-wf-04.tn.esss.lu.se:17665/mgmt/bpl/pauseArchivingPV
2025-02-27 15:04:30,194 - urllib3.connectionpool - DEBUG - http://archiver-linac-wf-04.tn.esss.lu.se:17665 "GET /mgmt/bpl/pauseArchivingPV?pv=PBI-BPM01%3ACtrl-AMC-140%3ADIFF-A-TR1-ArrayData HTTP/1.1" 200 374
2025-02-27 15:04:30,194 - epicsarchiver.common.base_archiver - DEBUG - GET url: http://archiver-linac-wf-04.tn.esss.lu.se:17665/mgmt/bpl/pauseArchivingPV
2025-02-27 15:04:32,552 - urllib3.connectionpool - DEBUG - http://archiver-linac-wf-04.tn.esss.lu.se:17665 "GET /mgmt/bpl/pauseArchivingPV?pv=PBI-BPM01%3ACtrl-AMC-220%3ADIFF-A-TR1-ArrayData HTTP/1.1" 200 374
2025-02-27 15:04:32,552 - epicsarchiver.common.base_archiver - DEBUG - GET url: http://archiver-linac-wf-04.tn.esss.lu.se:17665/mgmt/bpl/pauseArchivingPV
2025-02-27 15:04:34,337 - urllib3.connectionpool - DEBUG - http://archiver-linac-wf-04.tn.esss.lu.se:17665 "GET /mgmt/bpl/pauseArchivingPV?pv=PBI-BPM01%3ACtrl-AMC-110%3ADIFF-A-TR1-ArrayData HTTP/1.1" 200 374
2025-02-27 15:04:34,337 - epicsarchiver.common.base_archiver - DEBUG - GET url: http://archiver-linac-wf-04.tn.esss.lu.se:17665/mgmt/bpl/pauseArchivingPV
2025-02-27 15:04:41,074 - urllib3.connectionpool - DEBUG - http://archiver-linac-wf-04.tn.esss.lu.se:17665 "GET /mgmt/bpl/pauseArchivingPV?pv=PBI-BPM01%3ACtrl-AMC-130%3ADIFF-A-TR1-ArrayData HTTP/1.1" 200 374
2025-02-27 15:04:41,075 - epicsarchiver.common.base_archiver - DEBUG - GET url: http://archiver-linac-wf-04.tn.esss.lu.se:17665/mgmt/bpl/pauseArchivingPV
2025-02-27 15:04:42,433 - urllib3.connectionpool - DEBUG - http://archiver-linac-wf-04.tn.esss.lu.se:17665 "GET /mgmt/bpl/pauseArchivingPV?pv=PBI-BPM01%3ACtrl-AMC-230%3ADIFF-A-TR1-ArrayData HTTP/1.1" 200 374
2025-02-27 15:04:42,433 - epicsarchiver.common.base_archiver - DEBUG - GET url: http://archiver-linac-wf-04.tn.esss.lu.se:17665/mgmt/bpl/pauseArchivingPV
2025-02-27 15:04:43,570 - urllib3.connectionpool - DEBUG - http://archiver-linac-wf-04.tn.esss.lu.se:17665 "GET /mgmt/bpl/pauseArchivingPV?pv=PBI-BPM01%3ACtrl-AMC-240%3ADIFF-A-TR1-ArrayData HTTP/1.1" 200 374
