2025-01-29 13:12:45,695 - __main__ - INFO - Renaming BPROD:Ops:AllowedBModeBDst to NSO-BProd::AllowedBModeBDst
2025-01-29 13:12:45,696 - epicsarchiver.common.base_archiver - DEBUG - GET url: http://archiver-linac-04.tn.esss.lu.se:17665/mgmt/bpl/getPVStatus
2025-01-29 13:12:45,874 - __main__ - INFO - New PV status: ArchivingStatus.NotBeingArchived
2025-01-29 13:12:45,874 - epicsarchiver.common.base_archiver - DEBUG - GET url: http://archiver-linac-04.tn.esss.lu.se:17665/mgmt/bpl/getPVStatus
2025-01-29 13:12:45,884 - epicsarchiver.common.base_archiver - DEBUG - GET url: http://archiver-linac-04.tn.esss.lu.se:17665/mgmt/bpl/getPVStatus
2025-01-29 13:12:45,890 - epicsarchiver.common.base_archiver - DEBUG - GET url: http://archiver-linac-04.tn.esss.lu.se:17665/mgmt/bpl/pauseArchivingPV
2025-01-29 13:12:45,911 - epicsarchiver.common.base_archiver - DEBUG - GET url: http://archiver-linac-04.tn.esss.lu.se:17665/mgmt/bpl/renamePV
2025-01-29 13:12:46,050 - epicsarchiver.common.base_archiver - DEBUG - GET url: http://archiver-linac-04.tn.esss.lu.se:17665/mgmt/bpl/resumeArchivingPV
2025-01-29 13:12:46,063 - epicsarchiver.mgmt.archiver_mgmt_operations - DEBUG - PV BPROD:Ops:AllowedBModeBDst successfully renamed to NSO-BProd::AllowedBModeBDst
2025-01-29 13:12:46,063 - __main__ - INFO - Renamed BPROD:Ops:AllowedBModeBDst to NSO-BProd::AllowedBModeBDst
2025-01-29 13:12:46,063 - epicsarchiver.common.base_archiver - DEBUG - GET url: http://archiver-linac-04.tn.esss.lu.se:17665/mgmt/bpl/getPVStatus
2025-01-29 13:12:46,070 - __main__ - INFO - Renaming BPROD:Ops:BParameters to NSO-BProd::BParameters
2025-01-29 13:12:46,070 - epicsarchiver.common.base_archiver - DEBUG - GET url: http://archiver-linac-04.tn.esss.lu.se:17665/mgmt/bpl/getPVStatus
2025-01-29 13:12:46,077 - __main__ - INFO - New PV status: ArchivingStatus.NotBeingArchived
2025-01-29 13:12:46,077 - epicsarchiver.common.base_archiver - DEBUG - GET url: http://archiver-linac-04.tn.esss.lu.se:17665/mgmt/bpl/getPVStatus
2025-01-29 13:12:46,085 - epicsarchiver.common.base_archiver - DEBUG - GET url: http://archiver-linac-04.tn.esss.lu.se:17665/mgmt/bpl/getPVStatus
2025-01-29 13:12:46,093 - epicsarchiver.common.base_archiver - DEBUG - GET url: http://archiver-linac-04.tn.esss.lu.se:17665/mgmt/bpl/pauseArchivingPV
2025-01-29 13:12:46,106 - epicsarchiver.common.base_archiver - DEBUG - GET url: http://archiver-linac-04.tn.esss.lu.se:17665/mgmt/bpl/renamePV
2025-01-29 13:12:46,187 - epicsarchiver.common.base_archiver - DEBUG - GET url: http://archiver-linac-04.tn.esss.lu.se:17665/mgmt/bpl/resumeArchivingPV
2025-01-29 13:12:46,219 - epicsarchiver.mgmt.archiver_mgmt_operations - DEBUG - PV BPROD:Ops:BParameters successfully renamed to NSO-BProd::BParameters
2025-01-29 13:12:46,219 - __main__ - INFO - Renamed BPROD:Ops:BParameters to NSO-BProd::BParameters
2025-01-29 13:12:46,219 - epicsarchiver.common.base_archiver - DEBUG - GET url: http://archiver-linac-04.tn.esss.lu.se:17665/mgmt/bpl/getPVStatus
2025-01-29 13:12:46,228 - __main__ - INFO - Renaming BPROD:Ops:BSourcePL-RB to NSO-BProd::BSourcePL-RB
2025-01-29 13:12:46,228 - epicsarchiver.common.base_archiver - DEBUG - GET url: http://archiver-linac-04.tn.esss.lu.se:17665/mgmt/bpl/getPVStatus
2025-01-29 13:12:46,235 - __main__ - INFO - New PV status: ArchivingStatus.NotBeingArchived
2025-01-29 13:12:46,235 - epicsarchiver.common.base_archiver - DEBUG - GET url: http://archiver-linac-04.tn.esss.lu.se:17665/mgmt/bpl/getPVStatus
2025-01-29 13:12:46,248 - epicsarchiver.common.base_archiver - DEBUG - GET url: http://archiver-linac-04.tn.esss.lu.se:17665/mgmt/bpl/getPVStatus
2025-01-29 13:12:46,258 - epicsarchiver.common.base_archiver - DEBUG - GET url: http://archiver-linac-04.tn.esss.lu.se:17665/mgmt/bpl/pauseArchivingPV
2025-01-29 13:12:46,272 - epicsarchiver.common.base_archiver - DEBUG - GET url: http://archiver-linac-04.tn.esss.lu.se:17665/mgmt/bpl/renamePV
2025-01-29 13:12:46,372 - epicsarchiver.common.base_archiver - DEBUG - GET url: http://archiver-linac-04.tn.esss.lu.se:17665/mgmt/bpl/resumeArchivingPV
2025-01-29 13:12:46,404 - epicsarchiver.mgmt.archiver_mgmt_operations - DEBUG - PV BPROD:Ops:BSourcePL-RB successfully renamed to NSO-BProd::BSourcePL-RB
2025-01-29 13:12:46,405 - __main__ - INFO - Renamed BPROD:Ops:BSourcePL-RB to NSO-BProd::BSourcePL-RB
2025-01-29 13:12:46,405 - epicsarchiver.common.base_archiver - DEBUG - GET url: http://archiver-linac-04.tn.esss.lu.se:17665/mgmt/bpl/getPVStatus
2025-01-29 13:12:46,414 - __main__ - INFO - Renaming BPROD:Ops:BLebtPL-RB to NSO-BProd::BLebtPL-RB
2025-01-29 13:12:46,414 - epicsarchiver.common.base_archiver - DEBUG - GET url: http://archiver-linac-04.tn.esss.lu.se:17665/mgmt/bpl/getPVStatus
2025-01-29 13:12:46,475 - __main__ - INFO - New PV status: ArchivingStatus.NotBeingArchived
2025-01-29 13:12:46,475 - epicsarchiver.common.base_archiver - DEBUG - GET url: http://archiver-linac-04.tn.esss.lu.se:17665/mgmt/bpl/getPVStatus
2025-01-29 13:12:46,483 - epicsarchiver.common.base_archiver - DEBUG - GET url: http://archiver-linac-04.tn.esss.lu.se:17665/mgmt/bpl/getPVStatus
2025-01-29 13:12:46,492 - epicsarchiver.common.base_archiver - DEBUG - GET url: http://archiver-linac-04.tn.esss.lu.se:17665/mgmt/bpl/pauseArchivingPV
2025-01-29 13:12:46,503 - epicsarchiver.common.base_archiver - DEBUG - GET url: http://archiver-linac-04.tn.esss.lu.se:17665/mgmt/bpl/renamePV
2025-01-29 13:12:46,597 - epicsarchiver.common.base_archiver - DEBUG - GET url: http://archiver-linac-04.tn.esss.lu.se:17665/mgmt/bpl/resumeArchivingPV
2025-01-29 13:12:46,643 - epicsarchiver.mgmt.archiver_mgmt_operations - DEBUG - PV BPROD:Ops:BLebtPL-RB successfully renamed to NSO-BProd::BLebtPL-RB
2025-01-29 13:12:46,643 - __main__ - INFO - Renamed BPROD:Ops:BLebtPL-RB to NSO-BProd::BLebtPL-RB
2025-01-29 13:12:46,643 - epicsarchiver.common.base_archiver - DEBUG - GET url: http://archiver-linac-04.tn.esss.lu.se:17665/mgmt/bpl/getPVStatus
2025-01-29 13:12:46,659 - __main__ - INFO - Renaming BPROD:Ops:BeamPL-RB to NSO-BProd::BeamPL-RB
2025-01-29 13:12:46,659 - epicsarchiver.common.base_archiver - DEBUG - GET url: http://archiver-linac-04.tn.esss.lu.se:17665/mgmt/bpl/getPVStatus
2025-01-29 13:12:46,668 - __main__ - INFO - New PV status: ArchivingStatus.NotBeingArchived
2025-01-29 13:12:46,668 - epicsarchiver.common.base_archiver - DEBUG - GET url: http://archiver-linac-04.tn.esss.lu.se:17665/mgmt/bpl/getPVStatus
2025-01-29 13:12:46,681 - epicsarchiver.common.base_archiver - DEBUG - GET url: http://archiver-linac-04.tn.esss.lu.se:17665/mgmt/bpl/getPVStatus
2025-01-29 13:12:46,693 - epicsarchiver.common.base_archiver - DEBUG - GET url: http://archiver-linac-04.tn.esss.lu.se:17665/mgmt/bpl/pauseArchivingPV
2025-01-29 13:12:46,706 - epicsarchiver.common.base_archiver - DEBUG - GET url: http://archiver-linac-04.tn.esss.lu.se:17665/mgmt/bpl/renamePV
2025-01-29 13:12:46,748 - epicsarchiver.common.base_archiver - DEBUG - GET url: http://archiver-linac-04.tn.esss.lu.se:17665/mgmt/bpl/resumeArchivingPV
2025-01-29 13:12:46,776 - epicsarchiver.mgmt.archiver_mgmt_operations - DEBUG - PV BPROD:Ops:BeamPL-RB successfully renamed to NSO-BProd::BeamPL-RB
2025-01-29 13:12:46,777 - __main__ - INFO - Renamed BPROD:Ops:BeamPL-RB to NSO-BProd::BeamPL-RB
2025-01-29 13:12:46,777 - epicsarchiver.common.base_archiver - DEBUG - GET url: http://archiver-linac-04.tn.esss.lu.se:17665/mgmt/bpl/getPVStatus
2025-01-29 13:12:46,787 - __main__ - INFO - Renaming BPROD:Ops:BParamsPL to NSO-BProd::BParamsPL
2025-01-29 13:12:46,787 - epicsarchiver.common.base_archiver - DEBUG - GET url: http://archiver-linac-04.tn.esss.lu.se:17665/mgmt/bpl/getPVStatus
2025-01-29 13:12:46,795 - __main__ - INFO - New PV status: ArchivingStatus.NotBeingArchived
2025-01-29 13:12:46,796 - epicsarchiver.common.base_archiver - DEBUG - GET url: http://archiver-linac-04.tn.esss.lu.se:17665/mgmt/bpl/getPVStatus
2025-01-29 13:12:46,804 - epicsarchiver.common.base_archiver - DEBUG - GET url: http://archiver-linac-04.tn.esss.lu.se:17665/mgmt/bpl/getPVStatus
2025-01-29 13:12:46,812 - epicsarchiver.common.base_archiver - DEBUG - GET url: http://archiver-linac-04.tn.esss.lu.se:17665/mgmt/bpl/pauseArchivingPV
2025-01-29 13:12:46,823 - epicsarchiver.common.base_archiver - DEBUG - GET url: http://archiver-linac-04.tn.esss.lu.se:17665/mgmt/bpl/renamePV
2025-01-29 13:12:46,888 - epicsarchiver.common.base_archiver - DEBUG - GET url: http://archiver-linac-04.tn.esss.lu.se:17665/mgmt/bpl/resumeArchivingPV
2025-01-29 13:12:46,903 - epicsarchiver.mgmt.archiver_mgmt_operations - DEBUG - PV BPROD:Ops:BParamsPL successfully renamed to NSO-BProd::BParamsPL
2025-01-29 13:12:46,903 - __main__ - INFO - Renamed BPROD:Ops:BParamsPL to NSO-BProd::BParamsPL
2025-01-29 13:12:46,903 - epicsarchiver.common.base_archiver - DEBUG - GET url: http://archiver-linac-04.tn.esss.lu.se:17665/mgmt/bpl/getPVStatus
2025-01-29 13:12:46,911 - __main__ - INFO - Renaming BPROD:Ops:BParamsI to NSO-BProd::BParamsCurr
2025-01-29 13:12:46,911 - epicsarchiver.common.base_archiver - DEBUG - GET url: http://archiver-linac-04.tn.esss.lu.se:17665/mgmt/bpl/getPVStatus
2025-01-29 13:12:46,921 - __main__ - INFO - New PV status: ArchivingStatus.NotBeingArchived
2025-01-29 13:12:46,921 - epicsarchiver.common.base_archiver - DEBUG - GET url: http://archiver-linac-04.tn.esss.lu.se:17665/mgmt/bpl/getPVStatus
2025-01-29 13:12:46,931 - epicsarchiver.mgmt.archiver_mgmt_operations - ERROR - PV BPROD:Ops:BParamsI isn't being archived. Skipping.

2025-01-29 13:12:46,931 - __main__ - INFO - Renamed BPROD:Ops:BParamsI to NSO-BProd::BParamsCurr
2025-01-29 13:12:46,931 - epicsarchiver.common.base_archiver - DEBUG - GET url: http://archiver-linac-04.tn.esss.lu.se:17665/mgmt/bpl/getPVStatus
2025-01-29 13:12:46,939 - __main__ - INFO - Renaming BPROD:Ops:BParamsF to NSO-BProd::BParamsFreq
2025-01-29 13:12:46,939 - epicsarchiver.common.base_archiver - DEBUG - GET url: http://archiver-linac-04.tn.esss.lu.se:17665/mgmt/bpl/getPVStatus
2025-01-29 13:12:46,947 - __main__ - INFO - New PV status: ArchivingStatus.NotBeingArchived
2025-01-29 13:12:46,947 - epicsarchiver.common.base_archiver - DEBUG - GET url: http://archiver-linac-04.tn.esss.lu.se:17665/mgmt/bpl/getPVStatus
2025-01-29 13:12:46,956 - epicsarchiver.mgmt.archiver_mgmt_operations - ERROR - PV BPROD:Ops:BParamsF isn't being archived. Skipping.

2025-01-29 13:12:46,957 - __main__ - INFO - Renamed BPROD:Ops:BParamsF to NSO-BProd::BParamsFreq
2025-01-29 13:12:46,957 - epicsarchiver.common.base_archiver - DEBUG - GET url: http://archiver-linac-04.tn.esss.lu.se:17665/mgmt/bpl/getPVStatus
2025-01-29 13:12:46,965 - __main__ - INFO - Renaming BPROD:Ops:BMode to NSO-BProd::BMode
2025-01-29 13:12:46,965 - epicsarchiver.common.base_archiver - DEBUG - GET url: http://archiver-linac-04.tn.esss.lu.se:17665/mgmt/bpl/getPVStatus
2025-01-29 13:12:46,975 - __main__ - INFO - New PV status: ArchivingStatus.NotBeingArchived
2025-01-29 13:12:46,975 - epicsarchiver.common.base_archiver - DEBUG - GET url: http://archiver-linac-04.tn.esss.lu.se:17665/mgmt/bpl/getPVStatus
2025-01-29 13:12:46,985 - epicsarchiver.common.base_archiver - DEBUG - GET url: http://archiver-linac-04.tn.esss.lu.se:17665/mgmt/bpl/getPVStatus
2025-01-29 13:12:46,995 - epicsarchiver.common.base_archiver - DEBUG - GET url: http://archiver-linac-04.tn.esss.lu.se:17665/mgmt/bpl/pauseArchivingPV
2025-01-29 13:12:47,010 - epicsarchiver.common.base_archiver - DEBUG - GET url: http://archiver-linac-04.tn.esss.lu.se:17665/mgmt/bpl/renamePV
2025-01-29 13:12:47,186 - epicsarchiver.common.base_archiver - DEBUG - GET url: http://archiver-linac-04.tn.esss.lu.se:17665/mgmt/bpl/resumeArchivingPV
2025-01-29 13:12:47,207 - epicsarchiver.mgmt.archiver_mgmt_operations - DEBUG - PV BPROD:Ops:BMode successfully renamed to NSO-BProd::BMode
2025-01-29 13:12:47,207 - __main__ - INFO - Renamed BPROD:Ops:BMode to NSO-BProd::BMode
2025-01-29 13:12:47,207 - epicsarchiver.common.base_archiver - DEBUG - GET url: http://archiver-linac-04.tn.esss.lu.se:17665/mgmt/bpl/getPVStatus
2025-01-29 13:12:47,216 - __main__ - INFO - Renaming BPROD:Ops:BState to NSO-BProd::BState
2025-01-29 13:12:47,216 - epicsarchiver.common.base_archiver - DEBUG - GET url: http://archiver-linac-04.tn.esss.lu.se:17665/mgmt/bpl/getPVStatus
2025-01-29 13:12:47,232 - __main__ - INFO - New PV status: ArchivingStatus.NotBeingArchived
2025-01-29 13:12:47,232 - epicsarchiver.common.base_archiver - DEBUG - GET url: http://archiver-linac-04.tn.esss.lu.se:17665/mgmt/bpl/getPVStatus
2025-01-29 13:12:47,241 - epicsarchiver.common.base_archiver - DEBUG - GET url: http://archiver-linac-04.tn.esss.lu.se:17665/mgmt/bpl/getPVStatus
2025-01-29 13:12:47,255 - epicsarchiver.common.base_archiver - DEBUG - GET url: http://archiver-linac-04.tn.esss.lu.se:17665/mgmt/bpl/pauseArchivingPV
2025-01-29 13:12:47,268 - epicsarchiver.common.base_archiver - DEBUG - GET url: http://archiver-linac-04.tn.esss.lu.se:17665/mgmt/bpl/renamePV
2025-01-29 13:12:47,368 - epicsarchiver.common.base_archiver - DEBUG - GET url: http://archiver-linac-04.tn.esss.lu.se:17665/mgmt/bpl/resumeArchivingPV
2025-01-29 13:12:47,386 - epicsarchiver.mgmt.archiver_mgmt_operations - DEBUG - PV BPROD:Ops:BState successfully renamed to NSO-BProd::BState
2025-01-29 13:12:47,386 - __main__ - INFO - Renamed BPROD:Ops:BState to NSO-BProd::BState
2025-01-29 13:12:47,386 - epicsarchiver.common.base_archiver - DEBUG - GET url: http://archiver-linac-04.tn.esss.lu.se:17665/mgmt/bpl/getPVStatus
2025-01-29 13:12:47,399 - __main__ - INFO - Renaming BPROD:Ops:BDestination to NSO-BProd::BDestination
2025-01-29 13:12:47,399 - epicsarchiver.common.base_archiver - DEBUG - GET url: http://archiver-linac-04.tn.esss.lu.se:17665/mgmt/bpl/getPVStatus
2025-01-29 13:12:47,408 - __main__ - INFO - New PV status: ArchivingStatus.NotBeingArchived
2025-01-29 13:12:47,408 - epicsarchiver.common.base_archiver - DEBUG - GET url: http://archiver-linac-04.tn.esss.lu.se:17665/mgmt/bpl/getPVStatus
2025-01-29 13:12:47,419 - epicsarchiver.common.base_archiver - DEBUG - GET url: http://archiver-linac-04.tn.esss.lu.se:17665/mgmt/bpl/getPVStatus
2025-01-29 13:12:47,427 - epicsarchiver.common.base_archiver - DEBUG - GET url: http://archiver-linac-04.tn.esss.lu.se:17665/mgmt/bpl/pauseArchivingPV
2025-01-29 13:12:47,438 - epicsarchiver.common.base_archiver - DEBUG - GET url: http://archiver-linac-04.tn.esss.lu.se:17665/mgmt/bpl/renamePV
2025-01-29 13:12:47,550 - epicsarchiver.common.base_archiver - DEBUG - GET url: http://archiver-linac-04.tn.esss.lu.se:17665/mgmt/bpl/resumeArchivingPV
2025-01-29 13:12:47,564 - epicsarchiver.mgmt.archiver_mgmt_operations - DEBUG - PV BPROD:Ops:BDestination successfully renamed to NSO-BProd::BDestination
2025-01-29 13:12:47,564 - __main__ - INFO - Renamed BPROD:Ops:BDestination to NSO-BProd::BDestination
2025-01-29 13:12:47,564 - epicsarchiver.common.base_archiver - DEBUG - GET url: http://archiver-linac-04.tn.esss.lu.se:17665/mgmt/bpl/getPVStatus
